-- Testing: 4 tests, 1 threads --
PASS: googletest-format :: DummySubDir/OneTest/FirstTest.subTestA (1 of 4)
FAIL: googletest-format :: DummySubDir/OneTest/FirstTest.subTestB (2 of 4)
******************** TEST 'googletest-format :: DummySubDir/OneTest/FirstTest.subTestB' FAILED ********************
I am subTest B, I FAIL
And I have two lines of output

********************
PASS: googletest-format :: DummySubDir/OneTest/ParameterizedTest/0.subTest (3 of 4)
PASS: googletest-format :: DummySubDir/OneTest/ParameterizedTest/1.subTest (4 of 4)
Testing Time: 0.05s
********************
Failing Tests (1):
    googletest-format :: DummySubDir/OneTest/FirstTest.subTestB

  Expected Passes    : 3
  Unexpected Failures: 1
