-- Testing: 4 tests, 1 threads --
Testing: 0 .. 10.. 20
FAIL: shtest-shell :: test-1.txt (1 of 4)
Testing: 0 .. 10.. 20.. 30.. 40.. 
FAIL: shtest-shell :: test-2.txt (2 of 4)
Testing: 0 .. 10.. 20.. 30.. 40.. 50.. 60.. 70
FAIL: shtest-shell :: test-3.txt (3 of 4)
Testing: 0 .. 10.. 20.. 30.. 40.. 50.. 60.. 70.. 80.. 90.. 
FAIL: shtest-shell :: test-4.txt (4 of 4)
Testing Time: 0.01s
********************
Failing Tests (4):
    shtest-shell :: test-1.txt
    shtest-shell :: test-2.txt
    shtest-shell :: test-3.txt
    shtest-shell :: test-4.txt

  Unexpected Failures: 4
